ï¿½ï¿½ï¿½ï¿½ï¿½ At 3FFAE6E0 len 00001920 (ï¿½ets Jul 29 2019 12:21:46

rst:0x1 (POWERON_RESET),boot:0x13 (SPI_FAST_FLASH_BOOT)
configsip: 0, SPIWP:0xee
clk_drv:0x00,q_drv:0x00,d_drv:0x00,cs0_drv:0x00,hd_drv:0x00,wp_drv:0x00
mode:DIO, clock div:2
load:0x3fff0030,len:7172
load:0x40078000,len:15620
load:0x40080400,len:4
ho 8 tail 4 room 4
load:0x40080404,len:3904
entry 0x40080640
[0;32mI (31) boot: ESP-IDF v5.2.5 2nd stage bootloader[0m
[0;32mI (31) boot: compile time Mar 21 2025 12:16:47[0m
[0;32mI (31) boot: Multicore bootloader[0m
[0;32mI (35) boot: chip revision: v3.1[0m
[0;32mI (39) boot.esp32: SPI Speed      : 40MHz[0m
[0;32mI (44) boot.esp32: SPI Mode       : DIO[0m
[0;32mI (48) boot.esp32: SPI Flash Size : 2MB[0m
[0;32mI (53) boot: Enabling RNG early entropy source...[0m
[0;32mI (58) boot: Partition Table:[0m
[0;32mI (62) boot: ## Label            Usage          Type ST Offset   Length[0m
[0;32mI (69) boot:  0 nvs              WiFi data        01 02 00009000 00004000[0m
[0;32mI (77) boot:  1 phy_init         RF data          01 01 0000d000 00001000[0m
[0;32mI (84) boot:  2 factory          factory app      00 00 00010000 00100000[0m
[0;32mI (92) boot:  3 storage          Unknown data     01 82 00110000 00080000[0m
[0;32mI (99) boot: End of partition table[0m
[0;32mI (103) esp_image: segment 0: paddr=00010020 vaddr=3f400020 size=1bf68h (114536) map[0m
[0;32mI (151) esp_image: segment 1: paddr=0002bf90 vaddr=3ffb0000 size=03d00h ( 15616) load[0m
[0;32mI (157) esp_image: segment 2: paddr=0002fc98 vaddr=40080000 size=00380h (   896) load[0m
[0;32mI (158) esp_image: segment 3: paddr=00030020 vaddr=400d0020 size=927d4h (600020) map[0m
[0;32mI (371) esp_image: segment 4: paddr=000c27fc vaddr=40080380 size=16ad0h ( 92880) load[0m
[0;32mI (419) boot: Loaded app from partition at offset 0x10000[0m
[0;32mI (419) boot: Disabling RNG early entropy source...[0m
[0;32mI (430) cpu_start: Multicore app[0m
[0;32mI (440) cpu_start: Pro cpu start user code[0m
[0;32mI (440) cpu_start: cpu freq: 160000000 Hz[0m
[0;32mI (440) cpu_start: Application information:[0m
[0;32mI (443) cpu_start: Project name:     challenge_2[0m
[0;32mI (448) cpu_start: App version:      b23becc-dirty[0m
[0;32mI (454) cpu_start: Compile time:     Mar 21 2025 12:23:47[0m
[0;32mI (460) cpu_start: ELF file SHA256:  408fba13d...[0m
[0;32mI (465) cpu_start: ESP-IDF:          v5.2.5[0m
[0;32mI (470) cpu_start: Min chip rev:     v0.0[0m
[0;32mI (475) cpu_start: Max chip rev:     v3.99 [0m
[0;32mI (479) cpu_start: Chip rev:         v3.1[0m
[0;32mI (484) heap_init: Initializing. RAM available for dynamic allocation:[0m
[0;32mI (492) heap_init: At 3FFAE6E0 len 00001920 (6 KiB): DRAM[0m
[0;32mI (497) heap_init: At 3FFB7E58 len 000281A8 (160 KiB): DRAM[0m
[0;32mI (504) heap_init: At 3FFE0440 len 00003AE0 (14 KiB): D/IRAM[0m
[0;32mI (510) heap_init: At 3FFE4350 len 0001BCB0 (111 KiB): D/IRAM[0m
[0;32mI (516) heap_init: At 40096E50 len 000091B0 (36 KiB): IRAM[0m
[0;32mI (524) spi_flash: detected chip: generic[0m
[0;32mI (527) spi_flash: flash io: dio[0m
[0;33mW (531) spi_flash: Detected size(4096k) larger than the size in the binary image header(2048k). Using the size in the binary image header.[0m
[0;32mI (545) main_task: Started on CPU0[0m
[0;32mI (555) main_task: Calling app_main()[0m
[0;32mI (585) challenge_2: TamaÃ±o de la particiÃ³n: total: 474641, usado: 58483[0m
[0;32mI (625) wifi:wifi driver task: 3ffc078c, prio:23, stack:6656, core=0[0m
[0;32mI (635) wifi:wifi firmware version: 01d22db[0m
[0;32mI (635) wifi:wifi certification version: v7.0[0m
[0;32mI (635) wifi:config NVS flash: enabled[0m
[0;32mI (635) wifi:config nano formating: disabled[0m
[0;32mI (635) wifi:Init data frame dynamic rx buffer num: 32[0m
[0;32mI (645) wifi:Init static rx mgmt buffer num: 5[0m
[0;32mI (645) wifi:Init management short buffer num: 32[0m
[0;32mI (655) wifi:Init dynamic tx buffer num: 32[0m
[0;32mI (655) wifi:Init static rx buffer size: 1600[0m
[0;32mI (665) wifi:Init static rx buffer num: 10[0m
[0;32mI (665) wifi:Init dynamic rx buffer num: 32[0m
[0;32mI (665) wifi_init: rx ba win: 6[0m
[0;32mI (675) wifi_init: tcpip mbox: 32[0m
[0;32mI (675) wifi_init: udp mbox: 6[0m
[0;32mI (675) wifi_init: tcp mbox: 6[0m
[0;32mI (685) wifi_init: tcp tx win: 5760[0m
[0;32mI (685) wifi_init: tcp rx win: 5760[0m
[0;32mI (695) wifi_init: tcp mss: 1440[0m
[0;32mI (695) wifi_init: WiFi IRAM OP enabled[0m
[0;32mI (695) wifi_init: WiFi RX IRAM OP enabled[0m
[0;32mI (705) phy_init: phy_version 4840,02e0d70,Sep  2 2024,19:39:07[0m
[0;32mI (795) wifi:mode : sta (5c:01:3b:65:b7:6c)[0m
[0;32mI (795) wifi:enable tsf[0m
[0;32mI (805) challenge_2: Conectando a Realme...[0m
[0;32mI (815) wifi:new:<11,0>, old:<1,0>, ap:<255,255>, sta:<11,0>, prof:1[0m
[0;32mI (815) wifi:state: init -> auth (b0)[0m
[0;32mI (825) wifi:state: auth -> assoc (0)[0m
[0;32mI (835) wifi:state: assoc -> run (10)[0m
[0;32mI (835) wifi:state: run -> init (2c0)[0m
[0;32mI (845) wifi:new:<11,0>, old:<11,0>, ap:<255,255>, sta:<11,0>, prof:1[0m
[0;32mI (845) challenge_2: ConexiÃ³n Wi-Fi perdida, reconectando...[0m
[0;32mI (3255) challenge_2: ConexiÃ³n Wi-Fi perdida, reconectando...[0m
[0;32mI (3265) wifi:new:<11,0>, old:<11,0>, ap:<255,255>, sta:<11,0>, prof:1[0m
[0;32mI (3265) wifi:state: init -> auth (b0)[0m
[0;32mI (3285) wifi:state: auth -> assoc (0)[0m
[0;32mI (3305) wifi:state: assoc -> run (10)[0m
[0;32mI (3325) wifi:connected with Realme, aid = 1, channel 11, BW20, bssid = 9e:66:2b:c5:3c:0b[0m
[0;32mI (3325) wifi:security: WPA2-PSK, phy: bgn, rssi: -36[0m
[0;32mI (3325) wifi:pm start, type: 1[0m

[0;32mI (3325) wifi:dp: 1, bi: 102400, li: 3, scale listen interval from 307200 us to 307200 us[0m
[0;32mI (3385) wifi:dp: 2, bi: 102400, li: 4, scale listen interval from 307200 us to 409600 us[0m
[0;32mI (3385) wifi:AP's beacon interval = 102400 us, DTIM period = 2[0m
[0;32mI (4335) esp_netif_handlers: sta ip: 192.168.152.32, mask: 255.255.255.0, gw: 192.168.152.158[0m
[0;32mI (4335) challenge_2: Conectado con direcciÃ³n IP: 192.168.152.32[0m
[0;32mI (4335) challenge_2: ConexiÃ³n establecida[0m
[0;32mI (4345) challenge_2: Servidor web iniciado[0m
[0;32mI (4345) main_task: Returned from app_main()[0m
[0;33mW (24615) httpd_txrx: httpd_resp_send_err: 404 Not Found - Nothing matches the given URI[0m
[0;33mW (24625) httpd_uri: httpd_uri: uri handler execution failed[0m
